// Jest Snapshot v1, https://goo.gl/fbAQLP

exports[`CaptionCore textSearch retrieves fastests results 1`] = `
Array [
  Object {
    "download": Object {
      "distribution": "UNKNOWN",
      "lang": "English",
      "langId": "eng",
      "link": "/updated/1/101990/1",
      "referer": "/show/5151",
      "team": "KILLERS",
      "version": "KILLERS",
    },
    "extention": "",
    "name": "Mr Robot S01E02.UNKNOWN.KILLERS",
    "score": 0,
    "size": "",
    "source": "addic7ed",
  },
  Object {
    "download": Object {
      "distribution": "WEB-DL",
      "lang": "English",
      "langId": "eng",
      "link": "/updated/1/101990/7",
      "referer": "/show/5151",
      "team": "NTB",
      "version": "WEB-DL-NTB",
    },
    "extention": "",
    "name": "Mr Robot S01E02.WEB-DL.NTB",
    "score": 0,
    "size": "",
    "source": "addic7ed",
  },
  Object {
    "download": Object {
      "distribution": "WEB-DL",
      "lang": "English",
      "langId": "eng",
      "link": "/original/101990/18",
      "referer": "/show/5151",
      "team": "NTB(UNCENSORED)",
      "version": "WEB-DL-NTB(UNCENSORED)",
    },
    "extention": "",
    "name": "Mr Robot S01E02.WEB-DL.NTB(UNCENSORED)",
    "score": 0,
    "size": "",
    "source": "addic7ed",
  },
  Object {
    "download": Object {
      "distribution": "UNKNOWN",
      "lang": "English",
      "langId": "eng",
      "link": "/updated/1/101990/0",
      "referer": "/show/5151",
      "team": "KILLERS",
      "version": "KILLERS",
    },
    "extention": "",
    "name": "Mr Robot S01E02.UNKNOWN.KILLERS",
    "score": 0,
    "size": "",
    "source": "addic7ed",
  },
  Object {
    "download": Object {
      "distribution": "WEB-DL",
      "lang": "English",
      "langId": "eng",
      "link": "/updated/1/101990/8",
      "referer": "/show/5151",
      "team": "NTB",
      "version": "WEB-DL-NTB",
    },
    "extention": "",
    "name": "Mr Robot S01E02.WEB-DL.NTB",
    "score": 0,
    "size": "",
    "source": "addic7ed",
  },
  Object {
    "download": Object {
      "distribution": "WEB-DL",
      "lang": "English",
      "langId": "eng",
      "link": "/original/101990/19",
      "referer": "/show/5151",
      "team": "NTB(UNCENSORED)",
      "version": "WEB-DL-NTB(UNCENSORED)",
    },
    "extention": "",
    "name": "Mr Robot S01E02.WEB-DL.NTB(UNCENSORED)",
    "score": 0,
    "size": "",
    "source": "addic7ed",
  },
  Object {
    "download": Object {
      "distribution": "UNKNOWN",
      "lang": "English",
      "langId": "eng",
      "link": "/original/101990/20",
      "referer": "/show/5151",
      "team": "SHAANIG",
      "version": "SHAANIG",
    },
    "extention": "",
    "name": "Mr Robot S01E02.UNKNOWN.SHAANIG",
    "score": 0,
    "size": "",
    "source": "addic7ed",
  },
  Object {
    "download": Object {
      "distribution": "BLURAY",
      "lang": "English",
      "langId": "eng",
      "link": "/updated/1/101990/15",
      "referer": "/show/5151",
      "team": "DEMAND",
      "version": "BDRIP.X264-DEMAND",
    },
    "extention": "",
    "name": "Mr Robot S01E02.BLURAY.DEMAND",
    "score": 0,
    "size": "",
    "source": "addic7ed",
  },
  Object {
    "download": Object {
      "distribution": "BLURAY",
      "lang": "English",
      "langId": "eng",
      "link": "/original/101990/16",
      "referer": "/show/5151",
      "team": "DEMAND",
      "version": "BDRIP.X264-DEMAND",
    },
    "extention": "",
    "name": "Mr Robot S01E02.BLURAY.DEMAND",
    "score": 0,
    "size": "",
    "source": "addic7ed",
  },
]
`;
